------------------------------------------------------------
Timing Analyzer Summary
------------------------------------------------------------

Type  : Slow 1100mV 85C Model Setup 'CLOCK_50'
Slack : -1.443
TNS   : -28.461

Type  : Slow 1100mV 85C Model Hold 'CLOCK_50'
Slack : 0.376
TNS   : 0.000

Type  : Slow 1100mV 85C Model Minimum Pulse Width 'CLOCK_50'
Slack : -0.394
TNS   : -13.508

Type  : Slow 1100mV 0C Model Setup 'CLOCK_50'
Slack : -1.569
TNS   : -30.958

Type  : Slow 1100mV 0C Model Hold 'CLOCK_50'
Slack : 0.377
TNS   : 0.000

Type  : Slow 1100mV 0C Model Minimum Pulse Width 'CLOCK_50'
Slack : -0.394
TNS   : -14.592

Type  : Fast 1100mV 85C Model Setup 'CLOCK_50'
Slack : -0.350
TNS   : -4.284

Type  : Fast 1100mV 85C Model Hold 'CLOCK_50'
Slack : 0.199
TNS   : 0.000

Type  : Fast 1100mV 85C Model Minimum Pulse Width 'CLOCK_50'
Slack : -0.088
TNS   : -2.245

Type  : Fast 1100mV 0C Model Setup 'CLOCK_50'
Slack : -0.332
TNS   : -3.846

Type  : Fast 1100mV 0C Model Hold 'CLOCK_50'
Slack : 0.190
TNS   : 0.000

Type  : Fast 1100mV 0C Model Minimum Pulse Width 'CLOCK_50'
Slack : -0.085
TNS   : -2.180

------------------------------------------------------------
